          Variable        N      Mean     95% CLM MIN     95% CLM MAX
          Y            6497     5.818           5.797           5.840

