                              Analysis of Variance

                DF     Sum of Squares     Mean Square     F Value     Pr > F
    Model       12         1468.93946       122.41162      227.77     0.0000
    Error     6484         3484.74624         0.53744                       
    Total     6496         4953.68570                                       

              Root MSE            0.73310     R-Square     0.2965
              Dependent Mean      5.81838     Adj R-Sq     0.2952
              Coeff Var          12.59976                        

                              Parameter Estimates

                          Estimate      Std Err     t Value     Pr > |t|
        Intercept        104.39042     14.10473        7.40       0.0000
        COLOR red          0.36133      0.05675        6.37       0.0000
        COLOR white              .            .           .            .
        X1                 0.08507      0.01576        5.40       0.0000
        X2                -1.49241      0.08135      -18.35       0.0000
        X3                -0.06262      0.07972       -0.79       0.4322
        X4                 0.06244      0.00593       10.52       0.0000
        X5                -0.75725      0.33444       -2.26       0.0236
        X6                 0.00494      0.00077        6.44       0.0000
        X7                -0.00140      0.00032       -4.33       0.0000
        X8              -103.90962     14.33595       -7.25       0.0000
        X9                 0.49876      0.09058        5.51       0.0000
        X10                0.72174      0.07624        9.47       0.0000
        X11                0.22267      0.01807       12.32       0.0000

