                              Analysis of Variance

    Source     DF     Sum of Squares     Mean Square     F Value     Pr > F
    Model      10        11.33500000      1.13350000       78.37     0.0000
    Error      21         0.30375000      0.01446429                       
    Total      31        11.63875000                                       

              R-Square     Coeff Var     Root MSE     RELIEF Mean
              0.973902     10.401519     0.120268        1.156250

Source                  DF       Anova SS     Mean Square     F Value     Pr > F
PAINLEVEL                7     5.59875000      0.79982143       55.30     0.0000
CODEINE                  1     2.31125000      2.31125000      159.79     0.0000
ACUPUNCTURE              1     3.38000000      3.38000000      233.68     0.0000
CODEINE*ACUPUNCTURE      1     0.04500000      0.04500000        3.11     0.0923

