                         Obs     X1           X2     Y
                           1      1     1.000000     1
                           2      2     2.000000     1
                           3      3     3.000000     1
                           4      4     4.000000     1
                           5      5     5.000000     1
                           6      6     6.000001     1

                              Analysis of Variance

               DF     Sum of Squares     Mean Square     F Value     Pr > F
     Model      1            0.00000         0.00000        4.00     0.1161
     Error      4            0.00000         0.00000                       
     Total      5            0.00000                                       

                Root MSE           0.00000     R-Square     -inf
                Dependent Mean     1.00000     Adj R-Sq     -inf
                Coeff Var          0.00000                      

                              Parameter Estimates

                  Estimate     Std Err                 t Value     Pr > |t|
    Intercept      1.00000     0.00000     2219662388359085.75       0.0000
    X1            -0.00000     0.00000                   -1.92       0.1274
    X2                   .           .                       .            .

