                    Variable     95% CLM MIN     95% CLM MAX
                    Y                  1.537           5.463

