                         Obs     LOG      Y       LOGY
                           1       1     10     2.3026
                           2       2     20     2.9957
                           3       3     30     3.4012

