                                   Obs     X
                                     1     a
                                     2     a
                                     3     b
                                     4     b
                                     5     c
                                     6     c

