     COLOR     Variable        N      Mean     95% CLM MIN     95% CLM MAX
     red       Y            1599     5.636           5.596           5.676
     white     Y            4898     5.878           5.853           5.903

