                               Missing Data Demo

3 observations deleted due to missing data
                              Analysis of Variance

    Source     DF     Sum of Squares     Mean Square     F Value     Pr > F
    Model       6        14.62859048      2.43809841      615.39     0.0000
    Error      14         0.05546667      0.00396190                       
    Total      20        14.68405714                                       

               R-Square     Coeff Var     Root MSE     YIELD Mean
               0.996223      1.115740     0.062944       5.641429

 Source               DF       Anova SS     Mean Square     F Value     Pr > F
 SULPHUR               3     5.23275714      1.74425238      440.26     0.0000
 NITROGEN              1     5.64480000      5.64480000     1424.77     0.0000
 SULPHUR*NITROGEN      2     3.75103333      1.87551667      473.39     0.0000

                                 Mean Response

           SULPHUR     N     Mean YIELD     95% CI MIN     95% CI MAX
           0           3       4.543333       4.465391       4.621276
           3           6       5.843333       5.788220       5.898447
           6           6       5.525000       5.469886       5.580114
           9           6       6.105000       6.049886       6.160114

                       Least Significant Difference Test

SULPHUR   SULPHUR   Delta YIELD   95% CI MIN   95% CI MAX   t Value   Pr > |t|  
0         3           -1.300000    -1.395460    -1.204540    -29.21     0.0000 *
0         6           -0.981667    -1.077127    -0.886207    -22.06     0.0000 *
0         9           -1.561667    -1.657127    -1.466207    -35.09     0.0000 *
3         0            1.300000     1.204540     1.395460     29.21     0.0000 *
3         6            0.318333     0.240391     0.396276      8.76     0.0000 *
3         9           -0.261667    -0.339609    -0.183724     -7.20     0.0000 *
6         0            0.981667     0.886207     1.077127     22.06     0.0000 *
6         3           -0.318333    -0.396276    -0.240391     -8.76     0.0000 *
6         9           -0.580000    -0.657943    -0.502057    -15.96     0.0000 *
9         0            1.561667     1.466207     1.657127     35.09     0.0000 *
9         3            0.261667     0.183724     0.339609      7.20     0.0000 *
9         6            0.580000     0.502057     0.657943     15.96     0.0000 *

                                 Mean Response

          NITROGEN      N     Mean YIELD     95% CI MIN     95% CI MAX
          0            12       5.084167       5.045195       5.123138
          20            9       6.384444       6.339444       6.429445

                       Least Significant Difference Test

  NITROGEN  NITROGEN  Delta YIELD  95% CI MIN  95% CI MAX  t Value  Pr > |t|  
  0         20          -1.300278   -1.359807   -1.240748   -46.85    0.0000 *
  20        0            1.300278    1.240748    1.359807    46.85    0.0000 *

                                 Mean Response

    SULPHUR     NITROGEN     N     Mean YIELD     95% CI MIN     95% CI MAX
    0           0            3       4.543333       4.465391       4.621276
    0           20           0              .              .              .
    3           0            3       4.640000       4.562057       4.717943
    3           20           3       7.046667       6.968724       7.124609
    6           0            3       5.240000       5.162057       5.317943
    6           20           3       5.810000       5.732057       5.887943
    9           0            3       5.913333       5.835391       5.991276
    9           20           3       6.296667       6.218724       6.374609

                       Least Significant Difference Test

SULPHUR*NITROGEN  SULPHUR*NITROGEN  Delta YIELD  95% CI MIN  95% CI MAX  t Value  Pr > |t|  
0*0               0*20                        .           .           .        .         .  
0*0               3*0                 -0.096667   -0.206894    0.013561    -1.88    0.0809  
0*0               3*20                -2.503333   -2.613561   -2.393106   -48.71    0.0000 *
0*0               6*0                 -0.696667   -0.806894   -0.586439   -13.56    0.0000 *
0*0               6*20                -1.266667   -1.376894   -1.156439   -24.65    0.0000 *
0*0               9*0                 -1.370000   -1.480228   -1.259772   -26.66    0.0000 *
0*0               9*20                -1.753333   -1.863561   -1.643106   -34.12    0.0000 *
0*20              0*0                         .           .           .        .         .  
0*20              3*0                         .           .           .        .         .  
0*20              3*20                        .           .           .        .         .  
0*20              6*0                         .           .           .        .         .  
0*20              6*20                        .           .           .        .         .  
0*20              9*0                         .           .           .        .         .  
0*20              9*20                        .           .           .        .         .  
3*0               0*0                  0.096667   -0.013561    0.206894     1.88    0.0809  
3*0               0*20                        .           .           .        .         .  
3*0               3*20                -2.406667   -2.516894   -2.296439   -46.83    0.0000 *
3*0               6*0                 -0.600000   -0.710228   -0.489772   -11.67    0.0000 *
3*0               6*20                -1.170000   -1.280228   -1.059772   -22.77    0.0000 *
3*0               9*0                 -1.273333   -1.383561   -1.163106   -24.78    0.0000 *
3*0               9*20                -1.656667   -1.766894   -1.546439   -32.24    0.0000 *
3*20              0*0                  2.503333    2.393106    2.613561    48.71    0.0000 *
3*20              0*20                        .           .           .        .         .  
3*20              3*0                  2.406667    2.296439    2.516894    46.83    0.0000 *
3*20              6*0                  1.806667    1.696439    1.916894    35.15    0.0000 *
3*20              6*20                 1.236667    1.126439    1.346894    24.06    0.0000 *
3*20              9*0                  1.133333    1.023106    1.243561    22.05    0.0000 *
3*20              9*20                 0.750000    0.639772    0.860228    14.59    0.0000 *
6*0               0*0                  0.696667    0.586439    0.806894    13.56    0.0000 *
6*0               0*20                        .           .           .        .         .  
6*0               3*0                  0.600000    0.489772    0.710228    11.67    0.0000 *
6*0               3*20                -1.806667   -1.916894   -1.696439   -35.15    0.0000 *
6*0               6*20                -0.570000   -0.680228   -0.459772   -11.09    0.0000 *
6*0               9*0                 -0.673333   -0.783561   -0.563106   -13.10    0.0000 *
6*0               9*20                -1.056667   -1.166894   -0.946439   -20.56    0.0000 *
6*20              0*0                  1.266667    1.156439    1.376894    24.65    0.0000 *
6*20              0*20                        .           .           .        .         .  
6*20              3*0                  1.170000    1.059772    1.280228    22.77    0.0000 *
6*20              3*20                -1.236667   -1.346894   -1.126439   -24.06    0.0000 *
6*20              6*0                  0.570000    0.459772    0.680228    11.09    0.0000 *
6*20              9*0                 -0.103333   -0.213561    0.006894    -2.01    0.0640  
6*20              9*20                -0.486667   -0.596894   -0.376439    -9.47    0.0000 *
9*0               0*0                  1.370000    1.259772    1.480228    26.66    0.0000 *
9*0               0*20                        .           .           .        .         .  
9*0               3*0                  1.273333    1.163106    1.383561    24.78    0.0000 *
9*0               3*20                -1.133333   -1.243561   -1.023106   -22.05    0.0000 *
9*0               6*0                  0.673333    0.563106    0.783561    13.10    0.0000 *
9*0               6*20                 0.103333   -0.006894    0.213561     2.01    0.0640  
9*0               9*20                -0.383333   -0.493561   -0.273106    -7.46    0.0000 *
9*20              0*0                  1.753333    1.643106    1.863561    34.12    0.0000 *
9*20              0*20                        .           .           .        .         .  
9*20              3*0                  1.656667    1.546439    1.766894    32.24    0.0000 *
9*20              3*20                -0.750000   -0.860228   -0.639772   -14.59    0.0000 *
9*20              6*0                  1.056667    0.946439    1.166894    20.56    0.0000 *
9*20              6*20                 0.486667    0.376439    0.596894     9.47    0.0000 *
9*20              9*0                  0.383333    0.273106    0.493561     7.46    0.0000 *

