3 observations deleted due to missing data
                              Analysis of Variance

    Source     DF     Sum of Squares     Mean Square     F Value     Pr > F
    Model       5       142.76666667     28.55333333       41.67     0.0000
    Error       9         6.16666667      0.68518519                       
    Total      14       148.93333333                                       

               R-Square     Coeff Var     Root MSE        Y Mean
               0.958594      4.341394     0.827759     19.066667

      Source     DF        Anova SS     Mean Square     F Value     Pr > F
      A           2     67.73333333     33.86666667       49.43     0.0000
      B           2     74.75555556     37.37777778       54.55     0.0000
      A*B         1      0.27777778      0.27777778        0.41     0.5402

                                 Mean Response

              A     N        Mean Y     95% CI MIN     95% CI MAX
              1     5     16.400000      15.562583      17.237417
              2     5     19.200000      18.362583      20.037417
              3     5     21.600000      20.762583      22.437417

                                 Mean Response

              B     N        Mean Y     95% CI MIN     95% CI MAX
              1     5     15.200000      14.362583      16.037417
              2     4     19.000000      18.063739      19.936261
              3     6     22.333333      21.568880      23.097787

                                 Mean Response

           A     B     N        Mean Y     95% CI MIN     95% CI MAX
           1     1     3     15.000000      13.918899      16.081101
           1     2     2     18.500000      17.175928      19.824072
           1     3     0             .              .              .
           2     1     2     15.500000      14.175928      16.824072
           2     2     0             .              .              .
           2     3     3     21.666667      20.585566      22.747767
           3     1     0             .              .              .
           3     2     2     19.500000      18.175928      20.824072
           3     3     3     23.000000      21.918899      24.081101

