    COLOR     Variable        N         Mean     95% CLM MIN     95% CLM MAX
    red       Y            1599     5.636023        5.596410        5.675635
    white     Y            4898     5.877909        5.853101        5.902718

