                              Obs     Y         Y2
                                1     1     1.0000

                                   Obs     Y
                                     1     2

                                   Obs     Y
                                     1     3

                                   Obs     Y
                                     1     4

                                   Obs     Y
                                     1     5

