                                Red Clover Demo

                              Analysis of Variance

    Source     DF     Sum of Squares     Mean Square     F Value     Pr > F
    Model       7        14.66146250      2.09449464      584.51     0.0000
    Error      16         0.05733333      0.00358333                       
    Total      23        14.71879583                                       

               R-Square     Coeff Var     Root MSE     YIELD Mean
               0.996105      1.058471     0.059861       5.655417

 Source               DF       Anova SS     Mean Square     F Value     Pr > F
 SULPHUR               3     3.06947917      1.02315972      285.53     0.0000
 NITROGEN              1     7.83183750      7.83183750     2185.63     0.0000
 SULPHUR*NITROGEN      3     3.76014583      1.25338194      349.78     0.0000

                                 Mean Response

           SULPHUR     N     Mean YIELD     95% CI MIN     95% CI MAX
           0           6       5.148333       5.096527       5.200140
           3           6       5.843333       5.791527       5.895140
           6           6       5.525000       5.473193       5.576807
           9           6       6.105000       6.053193       6.156807

                       Least Significant Difference Test

SULPHUR   SULPHUR   Delta YIELD   95% CI MIN   95% CI MAX   t Value   Pr > |t|  
0         3           -0.695000    -0.768265    -0.621735    -20.11     0.0000 *
0         6           -0.376667    -0.449932    -0.303401    -10.90     0.0000 *
0         9           -0.956667    -1.029932    -0.883401    -27.68     0.0000 *
3         0            0.695000     0.621735     0.768265     20.11     0.0000 *
3         6            0.318333     0.245068     0.391599      9.21     0.0000 *
3         9           -0.261667    -0.334932    -0.188401     -7.57     0.0000 *
6         0            0.376667     0.303401     0.449932     10.90     0.0000 *
6         3           -0.318333    -0.391599    -0.245068     -9.21     0.0000 *
6         9           -0.580000    -0.653265    -0.506735    -16.78     0.0000 *
9         0            0.956667     0.883401     1.029932     27.68     0.0000 *
9         3            0.261667     0.188401     0.334932      7.57     0.0000 *
9         6            0.580000     0.506735     0.653265     16.78     0.0000 *

                                 Mean Response

          NITROGEN      N     Mean YIELD     95% CI MIN     95% CI MAX
          0            12       5.084167       5.047534       5.120799
          20           12       6.226667       6.190034       6.263299

                       Least Significant Difference Test

  NITROGEN  NITROGEN  Delta YIELD  95% CI MIN  95% CI MAX  t Value  Pr > |t|  
  0         20          -1.142500   -1.194307   -1.090693   -46.75    0.0000 *
  20        0            1.142500    1.090693    1.194307    46.75    0.0000 *

                                 Mean Response

    SULPHUR     NITROGEN     N     Mean YIELD     95% CI MIN     95% CI MAX
    0           0            3       4.543333       4.470068       4.616599
    0           20           3       5.753333       5.680068       5.826599
    3           0            3       4.640000       4.566735       4.713265
    3           20           3       7.046667       6.973401       7.119932
    6           0            3       5.240000       5.166735       5.313265
    6           20           3       5.810000       5.736735       5.883265
    9           0            3       5.913333       5.840068       5.986599
    9           20           3       6.296667       6.223401       6.369932

