                                    Title 1
                                    Title 2
                                    Title 3

                                   Obs     Y
                                     1     1
                                     2     2
                                     3     3

                                    Title 1
                                    Title 2
                                    Title 3

                                   Obs     Y
                                     1     1
                                     2     2
                                     3     3

