                              Analysis of Variance

    Source     DF     Sum of Squares      Mean Square     F Value     Pr > F
    Model       5       847.04666667     169.40933333       14.37     0.0000
    Error      24       282.92800000      11.78866667                       
    Total      29      1129.97466667                                        

             R-Square     Coeff Var     Root MSE     NITROGEN Mean
             0.749616     17.265150     3.433463         19.886667

     Source     DF         Anova SS      Mean Square     F Value     Pr > F
     STRAIN      5     847.04666667     169.40933333       14.37     0.0000

                                 Mean Response

          STRAIN     N     Mean NITROGEN     95% CI MIN     95% CI MAX
          3DOK1      5         28.820000      25.650902      31.989098
          3DOK5      5         23.980000      20.810902      27.149098
          3DOK4      5         14.640000      11.470902      17.809098
          3DOK7      5         19.920000      16.750902      23.089098
          3DOK13     5         13.260000      10.090902      16.429098
          COMPOS     5         18.700000      15.530902      21.869098

                                 Mean Response

          STRAIN     N     Mean NITROGEN     95% CI MIN     95% CI MAX
          3DOK1      5         28.820000      25.650902      31.989098
          3DOK5      5         23.980000      20.810902      27.149098
          3DOK4      5         14.640000      11.470902      17.809098
          3DOK7      5         19.920000      16.750902      23.089098
          3DOK13     5         13.260000      10.090902      16.429098
          COMPOS     5         18.700000      15.530902      21.869098

                       Least Significant Difference Test

  STRAIN  STRAIN  Delta NITROGEN  95% CI MIN  95% CI MAX  t Value  Pr > |t|  
  3DOK1   3DOK5         4.840000    0.358219    9.321781     2.23    0.0354 *
  3DOK1   3DOK4        14.180000    9.698219   18.661781     6.53    0.0000 *
  3DOK1   3DOK7         8.900000    4.418219   13.381781     4.10    0.0004 *
  3DOK1   3DOK13       15.560000   11.078219   20.041781     7.17    0.0000 *
  3DOK1   COMPOS       10.120000    5.638219   14.601781     4.66    0.0001 *
  3DOK5   3DOK1        -4.840000   -9.321781   -0.358219    -2.23    0.0354 *
  3DOK5   3DOK4         9.340000    4.858219   13.821781     4.30    0.0002 *
  3DOK5   3DOK7         4.060000   -0.421781    8.541781     1.87    0.0738  
  3DOK5   3DOK13       10.720000    6.238219   15.201781     4.94    0.0000 *
  3DOK5   COMPOS        5.280000    0.798219    9.761781     2.43    0.0229 *
  3DOK4   3DOK1       -14.180000  -18.661781   -9.698219    -6.53    0.0000 *
  3DOK4   3DOK5        -9.340000  -13.821781   -4.858219    -4.30    0.0002 *
  3DOK4   3DOK7        -5.280000   -9.761781   -0.798219    -2.43    0.0229 *
  3DOK4   3DOK13        1.380000   -3.101781    5.861781     0.64    0.5311  
  3DOK4   COMPOS       -4.060000   -8.541781    0.421781    -1.87    0.0738  
  3DOK7   3DOK1        -8.900000  -13.381781   -4.418219    -4.10    0.0004 *
  3DOK7   3DOK5        -4.060000   -8.541781    0.421781    -1.87    0.0738  
  3DOK7   3DOK4         5.280000    0.798219    9.761781     2.43    0.0229 *
  3DOK7   3DOK13        6.660000    2.178219   11.141781     3.07    0.0053 *
  3DOK7   COMPOS        1.220000   -3.261781    5.701781     0.56    0.5794  
  3DOK13  3DOK1       -15.560000  -20.041781  -11.078219    -7.17    0.0000 *
  3DOK13  3DOK5       -10.720000  -15.201781   -6.238219    -4.94    0.0000 *
  3DOK13  3DOK4        -1.380000   -5.861781    3.101781    -0.64    0.5311  
  3DOK13  3DOK7        -6.660000  -11.141781   -2.178219    -3.07    0.0053 *
  3DOK13  COMPOS       -5.440000   -9.921781   -0.958219    -2.51    0.0194 *
  COMPOS  3DOK1       -10.120000  -14.601781   -5.638219    -4.66    0.0001 *
  COMPOS  3DOK5        -5.280000   -9.761781   -0.798219    -2.43    0.0229 *
  COMPOS  3DOK4         4.060000   -0.421781    8.541781     1.87    0.0738  
  COMPOS  3DOK7        -1.220000   -5.701781    3.261781    -0.56    0.5794  
  COMPOS  3DOK13        5.440000    0.958219    9.921781     2.51    0.0194 *

                                 Mean Response

          STRAIN     N     Mean NITROGEN     95% CI MIN     95% CI MAX
          3DOK1      5         28.820000      25.650902      31.989098
          3DOK5      5         23.980000      20.810902      27.149098
          3DOK4      5         14.640000      11.470902      17.809098
          3DOK7      5         19.920000      16.750902      23.089098
          3DOK13     5         13.260000      10.090902      16.429098
          COMPOS     5         18.700000      15.530902      21.869098

                       Least Significant Difference Test

  STRAIN  STRAIN  Delta NITROGEN  95% CI MIN  95% CI MAX  t Value  Pr > |t|  
  3DOK1   3DOK5         4.840000    0.358219    9.321781     2.23    0.0354 *
  3DOK1   3DOK4        14.180000    9.698219   18.661781     6.53    0.0000 *
  3DOK1   3DOK7         8.900000    4.418219   13.381781     4.10    0.0004 *
  3DOK1   3DOK13       15.560000   11.078219   20.041781     7.17    0.0000 *
  3DOK1   COMPOS       10.120000    5.638219   14.601781     4.66    0.0001 *
  3DOK5   3DOK1        -4.840000   -9.321781   -0.358219    -2.23    0.0354 *
  3DOK5   3DOK4         9.340000    4.858219   13.821781     4.30    0.0002 *
  3DOK5   3DOK7         4.060000   -0.421781    8.541781     1.87    0.0738  
  3DOK5   3DOK13       10.720000    6.238219   15.201781     4.94    0.0000 *
  3DOK5   COMPOS        5.280000    0.798219    9.761781     2.43    0.0229 *
  3DOK4   3DOK1       -14.180000  -18.661781   -9.698219    -6.53    0.0000 *
  3DOK4   3DOK5        -9.340000  -13.821781   -4.858219    -4.30    0.0002 *
  3DOK4   3DOK7        -5.280000   -9.761781   -0.798219    -2.43    0.0229 *
  3DOK4   3DOK13        1.380000   -3.101781    5.861781     0.64    0.5311  
  3DOK4   COMPOS       -4.060000   -8.541781    0.421781    -1.87    0.0738  
  3DOK7   3DOK1        -8.900000  -13.381781   -4.418219    -4.10    0.0004 *
  3DOK7   3DOK5        -4.060000   -8.541781    0.421781    -1.87    0.0738  
  3DOK7   3DOK4         5.280000    0.798219    9.761781     2.43    0.0229 *
  3DOK7   3DOK13        6.660000    2.178219   11.141781     3.07    0.0053 *
  3DOK7   COMPOS        1.220000   -3.261781    5.701781     0.56    0.5794  
  3DOK13  3DOK1       -15.560000  -20.041781  -11.078219    -7.17    0.0000 *
  3DOK13  3DOK5       -10.720000  -15.201781   -6.238219    -4.94    0.0000 *
  3DOK13  3DOK4        -1.380000   -5.861781    3.101781    -0.64    0.5311  
  3DOK13  3DOK7        -6.660000  -11.141781   -2.178219    -3.07    0.0053 *
  3DOK13  COMPOS       -5.440000   -9.921781   -0.958219    -2.51    0.0194 *
  COMPOS  3DOK1       -10.120000  -14.601781   -5.638219    -4.66    0.0001 *
  COMPOS  3DOK5        -5.280000   -9.761781   -0.798219    -2.43    0.0229 *
  COMPOS  3DOK4         4.060000   -0.421781    8.541781     1.87    0.0738  
  COMPOS  3DOK7        -1.220000   -5.701781    3.261781    -0.56    0.5794  
  COMPOS  3DOK13        5.440000    0.958219    9.921781     2.51    0.0194 *

                                 Mean Response

          STRAIN     N     Mean NITROGEN     99% CI MIN     99% CI MAX
          3DOK1      5         28.820000      24.525324      33.114676
          3DOK5      5         23.980000      19.685324      28.274676
          3DOK4      5         14.640000      10.345324      18.934676
          3DOK7      5         19.920000      15.625324      24.214676
          3DOK13     5         13.260000       8.965324      17.554676
          COMPOS     5         18.700000      14.405324      22.994676

                                 Mean Response

          STRAIN     N     Mean NITROGEN     99% CI MIN     99% CI MAX
          3DOK1      5         28.820000      24.525324      33.114676
          3DOK5      5         23.980000      19.685324      28.274676
          3DOK4      5         14.640000      10.345324      18.934676
          3DOK7      5         19.920000      15.625324      24.214676
          3DOK13     5         13.260000       8.965324      17.554676
          COMPOS     5         18.700000      14.405324      22.994676

                       Least Significant Difference Test

  STRAIN  STRAIN  Delta NITROGEN  99% CI MIN  99% CI MAX  t Value  Pr > |t|  
  3DOK1   3DOK5         4.840000   -1.233589   10.913589     2.23    0.0354  
  3DOK1   3DOK4        14.180000    8.106411   20.253589     6.53    0.0000 *
  3DOK1   3DOK7         8.900000    2.826411   14.973589     4.10    0.0004 *
  3DOK1   3DOK13       15.560000    9.486411   21.633589     7.17    0.0000 *
  3DOK1   COMPOS       10.120000    4.046411   16.193589     4.66    0.0001 *
  3DOK5   3DOK1        -4.840000  -10.913589    1.233589    -2.23    0.0354  
  3DOK5   3DOK4         9.340000    3.266411   15.413589     4.30    0.0002 *
  3DOK5   3DOK7         4.060000   -2.013589   10.133589     1.87    0.0738  
  3DOK5   3DOK13       10.720000    4.646411   16.793589     4.94    0.0000 *
  3DOK5   COMPOS        5.280000   -0.793589   11.353589     2.43    0.0229  
  3DOK4   3DOK1       -14.180000  -20.253589   -8.106411    -6.53    0.0000 *
  3DOK4   3DOK5        -9.340000  -15.413589   -3.266411    -4.30    0.0002 *
  3DOK4   3DOK7        -5.280000  -11.353589    0.793589    -2.43    0.0229  
  3DOK4   3DOK13        1.380000   -4.693589    7.453589     0.64    0.5311  
  3DOK4   COMPOS       -4.060000  -10.133589    2.013589    -1.87    0.0738  
  3DOK7   3DOK1        -8.900000  -14.973589   -2.826411    -4.10    0.0004 *
  3DOK7   3DOK5        -4.060000  -10.133589    2.013589    -1.87    0.0738  
  3DOK7   3DOK4         5.280000   -0.793589   11.353589     2.43    0.0229  
  3DOK7   3DOK13        6.660000    0.586411   12.733589     3.07    0.0053 *
  3DOK7   COMPOS        1.220000   -4.853589    7.293589     0.56    0.5794  
  3DOK13  3DOK1       -15.560000  -21.633589   -9.486411    -7.17    0.0000 *
  3DOK13  3DOK5       -10.720000  -16.793589   -4.646411    -4.94    0.0000 *
  3DOK13  3DOK4        -1.380000   -7.453589    4.693589    -0.64    0.5311  
  3DOK13  3DOK7        -6.660000  -12.733589   -0.586411    -3.07    0.0053 *
  3DOK13  COMPOS       -5.440000  -11.513589    0.633589    -2.51    0.0194  
  COMPOS  3DOK1       -10.120000  -16.193589   -4.046411    -4.66    0.0001 *
  COMPOS  3DOK5        -5.280000  -11.353589    0.793589    -2.43    0.0229  
  COMPOS  3DOK4         4.060000   -2.013589   10.133589     1.87    0.0738  
  COMPOS  3DOK7        -1.220000   -7.293589    4.853589    -0.56    0.5794  
  COMPOS  3DOK13        5.440000   -0.633589   11.513589     2.51    0.0194  

