          Variable      N         Mean     95% CLM MIN     95% CLM MAX
          X            10     5.500000        3.334149        7.665851

