   COLOR     Variable        N          Mean     95% CLM MIN     95% CLM MAX
   red       Y            1599      5.636023        5.596410        5.675635
             Y2           1599     32.416510       31.960513       32.872508
   white     Y            4898      5.877909        5.853101        5.902718
             Y2           4898     35.334014       35.037160       35.630868

