* No default data set ;
proc reg ;
model
No data set
