       TRT     Variable     N       Mean     95% CLM MIN     95% CLM MAX
       A       Y            9     30.778          24.090          37.465
       B       Y            9     26.667          22.370          30.964

