                             Obs     Y          YY
                               1     1      1.0000
                               2     2      4.0000
                               3     3      9.0000
                               4     4     16.0000
                               5     5     25.0000
                               6     6     36.0000

